// Jest Snapshot v1, https://goo.gl/fbAQLP

exports[`<Board /> <Board /> component handles clicks 1`] = `
<div>
  <div
    className="status"
  >
    Next player: O
  </div>
  <div
    className="board-row"
  >
    <button
      className="square"
      onClick={[Function]}
    />
    <button
      className="square"
      onClick={[Function]}
    >
      X
    </button>
    <button
      className="square"
      onClick={[Function]}
    />
  </div>
  <div
    className="board-row"
  >
    <button
      className="square"
      onClick={[Function]}
    />
    <button
      className="square"
      onClick={[Function]}
    />
    <button
      className="square"
      onClick={[Function]}
    />
  </div>
  <div
    className="board-row"
  >
    <button
      className="square"
      onClick={[Function]}
    />
    <button
      className="square"
      onClick={[Function]}
    />
    <button
      className="square"
      onClick={[Function]}
    />
  </div>
</div>
`;

exports[`<Board /> Player O wins game 1`] = `
<div>
  <div
    className="status"
  >
    Next player: O
  </div>
  <div
    className="board-row"
  >
    <button
      className="square"
      onClick={[Function]}
    >
      X
    </button>
    <button
      className="square"
      onClick={[Function]}
    >
      X
    </button>
    <button
      className="square"
      onClick={[Function]}
    />
  </div>
  <div
    className="board-row"
  >
    <button
      className="square"
      onClick={[Function]}
    >
      O
    </button>
    <button
      className="square"
      onClick={[Function]}
    />
    <button
      className="square"
      onClick={[Function]}
    />
  </div>
  <div
    className="board-row"
  >
    <button
      className="square"
      onClick={[Function]}
    />
    <button
      className="square"
      onClick={[Function]}
    />
    <button
      className="square"
      onClick={[Function]}
    />
  </div>
</div>
`;

exports[`<Board /> Player O wins game 2`] = `
<div>
  <div
    className="status"
  >
    Winner: O
  </div>
  <div
    className="board-row"
  >
    <button
      className="square"
      onClick={[Function]}
    >
      X
    </button>
    <button
      className="square"
      onClick={[Function]}
    >
      X
    </button>
    <button
      className="square"
      onClick={[Function]}
    />
  </div>
  <div
    className="board-row"
  >
    <button
      className="square"
      onClick={[Function]}
    >
      O
    </button>
    <button
      className="square"
      onClick={[Function]}
    >
      O
    </button>
    <button
      className="square"
      onClick={[Function]}
    >
      O
    </button>
  </div>
  <div
    className="board-row"
  >
    <button
      className="square"
      onClick={[Function]}
    >
      X
    </button>
    <button
      className="square"
      onClick={[Function]}
    />
    <button
      className="square"
      onClick={[Function]}
    />
  </div>
</div>
`;

exports[`<Board /> Player X wins game 1`] = `
<div>
  <div
    className="status"
  >
    Next player: O
  </div>
  <div
    className="board-row"
  >
    <button
      className="square"
      onClick={[Function]}
    >
      X
    </button>
    <button
      className="square"
      onClick={[Function]}
    >
      X
    </button>
    <button
      className="square"
      onClick={[Function]}
    />
  </div>
  <div
    className="board-row"
  >
    <button
      className="square"
      onClick={[Function]}
    >
      O
    </button>
    <button
      className="square"
      onClick={[Function]}
    />
    <button
      className="square"
      onClick={[Function]}
    />
  </div>
  <div
    className="board-row"
  >
    <button
      className="square"
      onClick={[Function]}
    />
    <button
      className="square"
      onClick={[Function]}
    />
    <button
      className="square"
      onClick={[Function]}
    />
  </div>
</div>
`;

exports[`<Board /> Player X wins game 2`] = `
<div>
  <div
    className="status"
  >
    Winner: X
  </div>
  <div
    className="board-row"
  >
    <button
      className="square"
      onClick={[Function]}
    >
      X
    </button>
    <button
      className="square"
      onClick={[Function]}
    >
      X
    </button>
    <button
      className="square"
      onClick={[Function]}
    >
      X
    </button>
  </div>
  <div
    className="board-row"
  >
    <button
      className="square"
      onClick={[Function]}
    >
      O
    </button>
    <button
      className="square"
      onClick={[Function]}
    >
      O
    </button>
    <button
      className="square"
      onClick={[Function]}
    />
  </div>
  <div
    className="board-row"
  >
    <button
      className="square"
      onClick={[Function]}
    />
    <button
      className="square"
      onClick={[Function]}
    />
    <button
      className="square"
      onClick={[Function]}
    />
  </div>
</div>
`;

exports[`<Board /> Player X wins game 3`] = `
<div>
  <div
    className="status"
  >
    Winner: X
  </div>
  <div
    className="board-row"
  >
    <button
      className="square"
      onClick={[Function]}
    >
      X
    </button>
    <button
      className="square"
      onClick={[Function]}
    >
      X
    </button>
    <button
      className="square"
      onClick={[Function]}
    >
      X
    </button>
  </div>
  <div
    className="board-row"
  >
    <button
      className="square"
      onClick={[Function]}
    >
      O
    </button>
    <button
      className="square"
      onClick={[Function]}
    >
      O
    </button>
    <button
      className="square"
      onClick={[Function]}
    />
  </div>
  <div
    className="board-row"
  >
    <button
      className="square"
      onClick={[Function]}
    />
    <button
      className="square"
      onClick={[Function]}
    />
    <button
      className="square"
      onClick={[Function]}
    />
  </div>
</div>
`;

exports[`<Board /> renders <Board /> component 1`] = `
<div>
  <div
    className="status"
  >
    Next player: X
  </div>
  <div
    className="board-row"
  >
    <button
      className="square"
      onClick={[Function]}
    />
    <button
      className="square"
      onClick={[Function]}
    />
    <button
      className="square"
      onClick={[Function]}
    />
  </div>
  <div
    className="board-row"
  >
    <button
      className="square"
      onClick={[Function]}
    />
    <button
      className="square"
      onClick={[Function]}
    />
    <button
      className="square"
      onClick={[Function]}
    />
  </div>
  <div
    className="board-row"
  >
    <button
      className="square"
      onClick={[Function]}
    />
    <button
      className="square"
      onClick={[Function]}
    />
    <button
      className="square"
      onClick={[Function]}
    />
  </div>
</div>
`;
